/file/set-tui-version "25.1"
(cx-gui-do cx-set-list-tree-selections "NavigationPane*Frame2*Table1*List_Tree2" (list "Solution|Initialization"))
(cx-gui-do cx-set-list-tree-selections "NavigationPane*Frame2*Table1*List_Tree2" (list "Solution|Initialization"))
(cx-gui-do cx-list-tree-right-click "NavigationPane*Frame2*Table1*List_Tree2" )
(cx-gui-do cx-set-list-tree-selections "NavigationPane*Frame2*Table1*List_Tree2" (list "Solution|Initialization"))
(cx-gui-do cx-list-tree-right-click "NavigationPane*Frame2*Table1*List_Tree2" )
(cx-gui-do cx-set-list-tree-selections "NavigationPane*Frame2*Table1*List_Tree2" (list "Solution|Initialization"))
(cx-gui-do cx-set-list-tree-selections "NavigationPane*Frame2*Table1*List_Tree2" (list "Solution|Initialization"))
(cx-gui-do cx-activate-item "NavigationPane*Frame2*Table1*List_Tree2")
(cx-gui-do cx-set-list-tree-selections "NavigationPane*Frame2*Table1*List_Tree2" (list "Solution|Initialization"))
(cx-gui-do cx-set-toggle-button2 "Solution Initialization*Table1*ToggleBox3(Initialization Methods)*Hybrid  Initialization" #t)
(cx-gui-do cx-activate-item "Solution Initialization*Table1*ToggleBox3(Initialization Methods)*Hybrid  Initialization")
(cx-gui-do cx-set-toggle-button2 "Solution Initialization*Table1*ToggleBox3(Initialization Methods)*Standard Initialization" #t)
(cx-gui-do cx-activate-item "Solution Initialization*Table1*ToggleBox3(Initialization Methods)*Standard Initialization")
(cx-gui-do cx-set-list-selections "Solution Initialization*Table1*DropDownList1(Compute from)" '( 2))
(cx-gui-do cx-activate-item "Solution Initialization*Table1*DropDownList1(Compute from)")
(cx-gui-do cx-activate-item "Solution Initialization*Table1*Frame9*PushButton1(Initialize)")
(cx-gui-do cx-activate-item "Question*OK")
(cx-gui-do cx-set-list-tree-selections "NavigationPane*Frame2*Table1*List_Tree2" (list "Solution|Run Calculation"))
(cx-gui-do cx-set-list-tree-selections "NavigationPane*Frame2*Table1*List_Tree2" (list "Solution|Run Calculation"))
(cx-gui-do cx-set-list-tree-selections "NavigationPane*Frame2*Table1*List_Tree2" (list "Solution|Run Calculation"))
(cx-gui-do cx-set-list-tree-selections "NavigationPane*Frame2*Table1*List_Tree2" (list "Solution|Run Calculation"))
(cx-gui-do cx-activate-item "NavigationPane*Frame2*Table1*List_Tree2")
(cx-gui-do cx-set-list-tree-selections "NavigationPane*Frame2*Table1*List_Tree2" (list "Solution|Run Calculation"))
(cx-gui-do cx-activate-item "Run Calculation*Table1*Table6(Solution Advancement)*Table1*PushButton3(Calculate)")
(cx-gui-do cx-activate-item "Question*OK")
(cx-gui-do cx-activate-item "Information*OK")
/exit y
(cx-gui-do cx-activate-item "Question*OK")
